Microchip MPLAB XC8 Compiler V2.41

Linker command line:

-W-3 \
  --edf=C:/Program Files/Microchip/MPLABX/v6.15/packs/Microchip/PIC18Fxxxx_DFP/1.4.151/xc8\pic\dat\20230323171731_en.msgs \
  -cn -h+dist/default/debug\Project_One.debug.sym \
  --cmf=dist/default/debug\Project_One.debug.cmf -z -Q18F4620 \
  -oC:\Users\DELL\AppData\Local\Temp\xcAsdko.\driver_tmp_3.o \
  --defsym=__MPLAB_BUILD=1 --fixupoverflow=error \
  -Mdist/default/debug/Project_One.debug.map \
  --md=C:\Users\DELL\AppData\Local\Temp\xcAsdko.\driver_tmp_0.dat -E1 \
  -ver=XC8 Compiler --acfsm=1493 -ACODE=00h-0FFFFh -ACONST=00h-0FFFFh \
  -ASMALLCONST=01000h-010FFhx240 -AMEDIUMCONST=01000h-0FFFFh \
  -ACOMRAM=01h-07Fh -AABS1=00h-0F7Fh -ABIGRAM=01h-0F7Fh \
  -ARAM=080h-0FFh,0100h-01FFhx14,0F00h-0F7Fh -ABANK0=080h-0FFh \
  -ABANK1=0100h-01FFh -ABANK2=0200h-02FFh -ABANK3=0300h-03FFh \
  -ABANK4=0400h-04FFh -ABANK5=0500h-05FFh -ABANK6=0600h-06FFh \
  -ABANK7=0700h-07FFh -ABANK8=0800h-08FFh -ABANK9=0900h-09FFh \
  -ABANK10=0A00h-0AFFh -ABANK11=0B00h-0BFFh -ABANK12=0C00h-0CFFh \
  -ABANK13=0D00h-0DFFh -ABANK14=0E00h-0EFFh -ABANK15=0F00h-0F7Fh \
  -ASFR=0F80h-0FFFh -ABIGSFR=0F80h-0FFFh -ACONFIG=0300000h-030000Dh \
  -AIDLOC=0200000h-0200007h -AEEDATA=0F00000h-0F003FFh -peeprom_data=EEDATA \
  -preset_vec=00h,intcode,intcodelo,powerup,init -pramtop=01000h \
  -psmallconst=SMALLCONST -pmediumconst=MEDIUMCONST -pconst=CONST \
  -AFARRAM=00h-00h \
  -prdata=COMRAM,nvrram=COMRAM,nvbit=COMRAM,rbss=COMRAM,rbit=COMRAM \
  -pfarbss=FARRAM,fardata=FARRAM,nvFARRAM=FARRAM \
  -pintsave_regs=BIGRAM,bigbss=BIGRAM,bigdata=BIGRAM -pbss=RAM \
  -pidata=CODE,irdata=CODE,ibigdata=CODE,ifardata=CODE -prparam=COMRAM \
  C:\Users\DELL\AppData\Local\Temp\xcAsdko.\driver_tmp_9.o \
  dist/default/debug\Project_One.debug.o 

Object code version is 3.11

Machine type is 18F4620



                Name                               Link     Load   Length Selector   Space Scale
C:\Users\DELL\AppData\Local\Temp\xcAsdko.\driver_tmp_9.o
                config                           300000   300000        E        0       4
                init                                  0        0        4        0       0
dist/default/debug\Project_One.debug.o
                config                           300000   300000        E        0       4
                text9                              FEB8     FEB8      148     7F5C       0
                text8                              F8B4     F8B4       28     7C5A       0
                text7                              FB06     FB06       AE     7D83       0
                text6                              FBB4     FBB4       C6     7DDA       0
                text5                              FD86     FD86      132     7EC3       0
                text4                              F93C     F93C       62     7C9E       0
                text3                              FA8A     FA8A       7C     7D45       0
                text2                              F99E     F99E       76     7CCF       0
                text1                              FA14     FA14       76     7D0A       0
                text0                              FC7A     FC7A      10C     7E3D       0
                cstackCOMRAM                         2A       2A       11        1       1
                dataCOMRAM                            1        1       29        1       1
                bssCOMRAM                            3B       3B        B        1       1
                cinit                              F906     F906       36     7C83       0
                idataCOMRAM                        F8DD     F8DD       29     F8DD       0

TOTAL           Name                               Link     Load   Length     Space
        CLASS   CODE           
                init                                  0        0        4         0
                text9                              FEB8     FEB8      148         0
                text8                              F8B4     F8B4       28         0
                text7                              FB06     FB06       AE         0
                text6                              FBB4     FBB4       C6         0
                text5                              FD86     FD86      132         0
                text4                              F93C     F93C       62         0
                text3                              FA8A     FA8A       7C         0
                text2                              F99E     F99E       76         0
                text1                              FA14     FA14       76         0
                text0                              FC7A     FC7A      10C         0
                cinit                              F906     F906       36         0
                idataCOMRAM                        F8DD     F8DD       29         0

        CLASS   CONST          

        CLASS   SMALLCONST     

        CLASS   MEDIUMCONST    

        CLASS   COMRAM         
                cstackCOMRAM                         2A       2A       11         1
                dataCOMRAM                            1        1       29         1
                bssCOMRAM                            3B       3B        B         1

        CLASS   ABS1           

        CLASS   BIGRAM         

        CLASS   RAM            

        CLASS   BANK0          

        CLASS   BANK1          

        CLASS   BANK2          

        CLASS   BANK3          

        CLASS   BANK4          

        CLASS   BANK5          

        CLASS   BANK6          

        CLASS   BANK7          

        CLASS   BANK8          

        CLASS   BANK9          

        CLASS   BANK10         

        CLASS   BANK11         

        CLASS   BANK12         

        CLASS   BANK13         

        CLASS   BANK14         

        CLASS   BANK15         

        CLASS   SFR            

        CLASS   BIGSFR         

        CLASS   CONFIG         
                config                           300000   300000        E         4

        CLASS   IDLOC          

        CLASS   EEDATA         

        CLASS   FARRAM         

        CLASS   HEAP           

        CLASS   STACK          



SEGMENTS        Name                           Load    Length   Top    Selector   Space  Class

                reset_vec                      000000  000004  000004         0       0  CODE    
                dataCOMRAM                     000001  000045  000046         1       1  COMRAM  
                text8                          00F8B4  000028  00F8DC      7C5A       0  CODE    
                idataCOMRAM                    00F8DD  000029  00F906      F8DD       0  CODE    
                cinit                          00F906  000036  00F93C      7C83       0  CODE    
                text4                          00F93C  000062  00F99E      7C9E       0  CODE    
                text2                          00F99E  000076  00FA14      7CCF       0  CODE    
                text1                          00FA14  000076  00FA8A      7D0A       0  CODE    
                text3                          00FA8A  00007C  00FB06      7D45       0  CODE    
                text7                          00FB06  0000AE  00FBB4      7D83       0  CODE    
                text6                          00FBB4  0000C6  00FC7A      7DDA       0  CODE    
                text0                          00FC7A  00010C  00FD86      7E3D       0  CODE    
                text5                          00FD86  000132  00FEB8      7EC3       0  CODE    
                text9                          00FEB8  000148  010000      7F5C       0  CODE    


UNUSED ADDRESS RANGES

        Name                Unused          Largest block    Delta
        BANK0            000080-0000FF               80
        BANK1            000100-0001FF              100
        BANK10           000A00-000AFF              100
        BANK11           000B00-000BFF              100
        BANK12           000C00-000CFF              100
        BANK13           000D00-000DFF              100
        BANK14           000E00-000EFF              100
        BANK15           000F00-000F7F               80
        BANK2            000200-0002FF              100
        BANK3            000300-0003FF              100
        BANK4            000400-0004FF              100
        BANK5            000500-0005FF              100
        BANK6            000600-0006FF              100
        BANK7            000700-0007FF              100
        BANK8            000800-0008FF              100
        BANK9            000900-0009FF              100
        BIGRAM           000046-000F7F              F3A
        BIGSFR           000F80-000FFF               80
        CODE             000004-00F8B3             F8B0
                         00F8DC-00F8DC                1
        COMRAM           000046-00007F               3A
        CONST            000004-00F8B3             F8B0
                         00F8DC-00F8DC                1
        EEDATA           F00000-F003FF              400
        IDLOC            200000-200007                8
        MEDIUMCONST      001000-00F8B3             E8B4
                         00F8DC-00F8DC                1
        RAM              000080-000F7F              100
        SFR              000F80-000FFF               80
        SMALLCONST       001000-00F8B3              100
                         00F8DC-00F8DC                1

                                  Symbol Table

Button_Initialize@btn                   cstackCOMRAM 000033
Button_Initialize@ret                   cstackCOMRAM 000035
Button_Read_State@Pin_Logic_Status      cstackCOMRAM 000039
Button_Read_State@btn                   cstackCOMRAM 000033
Button_Read_State@btn_state             cstackCOMRAM 000035
Button_Read_State@ret                   cstackCOMRAM 000038
_Button_Initialize                      text8        00F8B4
_Button_Read_State                      text6        00FBB4
_LATA                                   (abs)        000F89
_LATB                                   (abs)        000F8A
_LATC                                   (abs)        000F8B
_LATD                                   (abs)        000F8C
_LATE                                   (abs)        000F8D
_PORTA                                  (abs)        000F80
_PORTB                                  (abs)        000F81
_PORTC                                  (abs)        000F82
_PORTD                                  (abs)        000F83
_PORTE                                  (abs)        000F84
_TRISA                                  (abs)        000F92
_TRISB                                  (abs)        000F93
_TRISC                                  (abs)        000F94
_TRISD                                  (abs)        000F95
_TRISE                                  (abs)        000F96
__HRAM                                  (abs)        000000
__H__absolute__                         __absolute__ 000000
__Habs1                                 abs1         000000
__Hbank0                                bank0        000000
__Hbank1                                bank1        000000
__Hbank10                               bank10       000000
__Hbank11                               bank11       000000
__Hbank12                               bank12       000000
__Hbank13                               bank13       000000
__Hbank14                               bank14       000000
__Hbank15                               bank15       000000
__Hbank2                                bank2        000000
__Hbank3                                bank3        000000
__Hbank4                                bank4        000000
__Hbank5                                bank5        000000
__Hbank6                                bank6        000000
__Hbank7                                bank7        000000
__Hbank8                                bank8        000000
__Hbank9                                bank9        000000
__Hbigbss                               bigbss       000000
__Hbigdata                              bigdata      000000
__Hbigram                               bigram       000000
__Hbigsfr                               bigsfr       000000
__Hbss                                  bss          000000
__HbssCOMRAM                            bssCOMRAM    000000
__Hcinit                                cinit        000000
__Hclrtext                              clrtext      000000
__Hcomram                               comram       000000
__Hconfig                               config       30000E
__Hconst                                const        000000
__HcstackCOMRAM                         cstackCOMRAM 000000
__Hdata                                 data         000000
__HdataCOMRAM                           dataCOMRAM   000000
__Heeprom_data                          eeprom_data  000000
__Hfarbss                               farbss       000000
__Hfardata                              fardata      000000
__Hheap                                 heap         000000
__Hibigdata                             ibigdata     000000
__Hidata                                idata        000000
__HidataCOMRAM                          idataCOMRAM  000000
__Hidloc                                idloc        000000
__Hifardata                             ifardata     000000
__Hinit                                 init         000004
__Hintcode                              intcode      000000
__Hintcode_body                         intcode_body 000000
__Hintcodelo                            intcodelo    000000
__Hintentry                             intentry     000000
__Hintret                               intret       000000
__Hintsave_regs                         intsave_regs 000000
__Hirdata                               irdata       000000
__Hmediumconst                          mediumconst  000000
__HnvFARRAM                             nvFARRAM     000000
__Hnvbit                                nvbit        000000
__Hnvrram                               nvrram       000000
__Hparam                                rparam       000000
__Hpowerup                              powerup      000000
__Hram                                  ram          000000
__Hramtop                               ramtop       001000
__Hrbit                                 rbit         000000
__Hrbss                                 rbss         000000
__Hrdata                                rdata        000000
__Hreset_vec                            reset_vec    000000
__Hrparam                               rparam       000000
__Hsfr                                  sfr          000000
__Hsmallconst                           smallconst   000000
__Hspace_0                              (abs)        010000
__Hspace_1                              (abs)        000046
__Hspace_2                              (abs)        000000
__Hspace_4                              (abs)        60000E
__Hstack                                stack        000000
__Hstruct                               struct       000000
__Htemp                                 temp         000000
__Htext                                 text         000000
__Htext0                                text0        000000
__Htext1                                text1        000000
__Htext2                                text2        000000
__Htext3                                text3        000000
__Htext4                                text4        000000
__Htext5                                text5        000000
__Htext6                                text6        000000
__Htext7                                text7        000000
__Htext8                                text8        000000
__Htext9                                text9        000000
__LRAM                                  (abs)        000001
__L__absolute__                         __absolute__ 000000
__Labs1                                 abs1         000000
__Lbank0                                bank0        000000
__Lbank1                                bank1        000000
__Lbank10                               bank10       000000
__Lbank11                               bank11       000000
__Lbank12                               bank12       000000
__Lbank13                               bank13       000000
__Lbank14                               bank14       000000
__Lbank15                               bank15       000000
__Lbank2                                bank2        000000
__Lbank3                                bank3        000000
__Lbank4                                bank4        000000
__Lbank5                                bank5        000000
__Lbank6                                bank6        000000
__Lbank7                                bank7        000000
__Lbank8                                bank8        000000
__Lbank9                                bank9        000000
__Lbigbss                               bigbss       000000
__Lbigdata                              bigdata      000000
__Lbigram                               bigram       000000
__Lbigsfr                               bigsfr       000000
__Lbss                                  bss          000000
__LbssCOMRAM                            bssCOMRAM    000000
__Lcinit                                cinit        000000
__Lclrtext                              clrtext      000000
__Lcomram                               comram       000000
__Lconfig                               config       000000
__Lconst                                const        000000
__LcstackCOMRAM                         cstackCOMRAM 000000
__Ldata                                 data         000000
__LdataCOMRAM                           dataCOMRAM   000000
__Leeprom_data                          eeprom_data  000000
__Lfarbss                               farbss       000000
__Lfardata                              fardata      000000
__Lheap                                 heap         000000
__Libigdata                             ibigdata     000000
__Lidata                                idata        000000
__LidataCOMRAM                          idataCOMRAM  000000
__Lidloc                                idloc        000000
__Lifardata                             ifardata     000000
__Linit                                 init         000000
__Lintcode                              intcode      000000
__Lintcode_body                         intcode_body 000000
__Lintcodelo                            intcodelo    000000
__Lintentry                             intentry     000000
__Lintret                               intret       000000
__Lintsave_regs                         intsave_regs 000000
__Lirdata                               irdata       000000
__Lmediumconst                          mediumconst  000000
__LnvFARRAM                             nvFARRAM     000000
__Lnvbit                                nvbit        000000
__Lnvrram                               nvrram       000000
__Lparam                                rparam       000000
__Lpowerup                              powerup      000000
__Lram                                  ram          000000
__Lramtop                               ramtop       001000
__Lrbit                                 rbit         000000
__Lrbss                                 rbss         000000
__Lrdata                                rdata        000000
__Lreset_vec                            reset_vec    000000
__Lrparam                               rparam       000000
__Lsfr                                  sfr          000000
__Lsmallconst                           smallconst   000000
__Lspace_0                              (abs)        000000
__Lspace_1                              (abs)        000000
__Lspace_2                              (abs)        000000
__Lspace_4                              (abs)        000000
__Lstack                                stack        000000
__Lstruct                               struct       000000
__Ltemp                                 temp         000000
__Ltext                                 text         000000
__Ltext0                                text0        000000
__Ltext1                                text1        000000
__Ltext2                                text2        000000
__Ltext3                                text3        000000
__Ltext4                                text4        000000
__Ltext5                                text5        000000
__Ltext6                                text6        000000
__Ltext7                                text7        000000
__Ltext8                                text8        000000
__Ltext9                                text9        000000
__S0                                    (abs)        010000
__S1                                    (abs)        000046
__S4                                    (abs)        000000
__S5                                    (abs)        000000
___heap_hi                              (abs)        000000
___heap_lo                              (abs)        000000
___inthi_sp                             stack        000000
___intlo_sp                             stack        000000
___param_bank                           (abs)        000000
___rparam_used                          (abs)        000001
___sp                                   stack        000000
__accesstop                             (abs)        000080
__activetblptr                          (abs)        000002
__end_of_Button_Initialize              text8        00F8DC
__end_of_Button_Read_State              text6        00FC7A
__end_of__initialization                cinit        00F932
__end_of_gpio_pin_direction_intialize   text9        010000
__end_of_gpio_pin_intialize             text4        00F99E
__end_of_gpio_pin_read_logic            text7        00FBB4
__end_of_gpio_pin_write_logic           text5        00FEB8
__end_of_led_initialize                 text3        00FB06
__end_of_led_turn_off                   text2        00FA14
__end_of_led_turn_on                    text1        00FA8A
__end_of_main                           text0        00FD86
__initialization                        cinit        00F906
__mediumconst                           mediumconst  000000
__pbssCOMRAM                            bssCOMRAM    00003B
__pcinit                                cinit        00F906
__pcstackCOMRAM                         cstackCOMRAM 00002A
__pdataCOMRAM                           dataCOMRAM   000001
__pidataCOMRAM                          idataCOMRAM  00F8DD
__ptext0                                text0        00FC7A
__ptext1                                text1        00FA14
__ptext2                                text2        00F99E
__ptext3                                text3        00FA8A
__ptext4                                text4        00F93C
__ptext5                                text5        00FD86
__ptext6                                text6        00FBB4
__ptext7                                text7        00FB06
__ptext8                                text8        00F8B4
__ptext9                                text9        00FEB8
__ramtop                                ramtop       001000
__smallconst                            smallconst   000000
_btn_button_high_st_1                   dataCOMRAM   000027
_btn_button_high_st_2                   bssCOMRAM    000045
_btn_button_high_valid_st_1             dataCOMRAM   000020
_btn_button_high_valid_st_2             dataCOMRAM   00001F
_btn_high_1                             dataCOMRAM   000024
_btn_high_2                             dataCOMRAM   000021
_flag_1                                 bssCOMRAM    000040
_flag_2                                 bssCOMRAM    00003F
_gpio_pin_direction_intialize           text9        00FEB8
_gpio_pin_intialize                     text4        00F93C
_gpio_pin_read_logic                    text7        00FB06
_gpio_pin_write_logic                   text5        00FD86
_lat_registers                          dataCOMRAM   00000B
_led_1                                  dataCOMRAM   000029
_led_2                                  dataCOMRAM   000028
_led_initialize                         text3        00FA8A
_led_turn_off                           text2        00F99E
_led_turn_on                            text1        00FA14
_main                                   text0        00FC7A
_port_registers                         dataCOMRAM   000001
_tris_registers                         dataCOMRAM   000015
_valid_button_1                         bssCOMRAM    00003D
_valid_button_2                         bssCOMRAM    00003B
end_of_initialization                   cinit        00F932
gpio_pin_direction_intialize@pin_config cstackCOMRAM 00002A
gpio_pin_direction_intialize@ret        cstackCOMRAM 000032
gpio_pin_intialize@pin_config           cstackCOMRAM 000033
gpio_pin_read_logic@logic               cstackCOMRAM 00002C
gpio_pin_read_logic@pin_config          cstackCOMRAM 00002A
gpio_pin_write_logic@logic              cstackCOMRAM 00002C
gpio_pin_write_logic@pin_config         cstackCOMRAM 00002A
intlevel0                               text         000000
intlevel1                               text         000000
intlevel2                               text         000000
intlevel3                               text         000000
isa$std                                 (abs)        000001
isa$xinst                               (abs)        000000
led_initialize@F2888                    bssCOMRAM    000044
led_initialize@led                      cstackCOMRAM 000036
led_initialize@pin_obj                  cstackCOMRAM 00003A
led_initialize@ret                      cstackCOMRAM 000039
led_toggle@F2903                        bssCOMRAM    000041
led_turn_off@F2898                      bssCOMRAM    000042
led_turn_off@led                        cstackCOMRAM 000033
led_turn_off@pin_obj                    cstackCOMRAM 000036
led_turn_on@F2893                       bssCOMRAM    000043
led_turn_on@led                         cstackCOMRAM 000033
led_turn_on@pin_obj                     cstackCOMRAM 000036
stackhi                                 (abs)        000000
stacklo                                 (abs)        000000
start                                   init         000000
start_initialization                    cinit        00F906


MODULE INFORMATION

Module		Function		Class		Link	Load	Size
ECU_Layer/Button/ecu_button.c
		_Button_Read_State		CODE           	FBB4	0000	198
		_Button_Initialize		CODE           	F8B4	0000	40

ECU_Layer/Button/ecu_button.c estimated size: 238

shared
		__initialization		CODE           	F906	0000	44

shared estimated size: 44

MCAL_Layer/GPIO/hal_gpio.c
		_gpio_pin_write_logic		CODE           	FD86	0000	306
		_gpio_pin_intialize		CODE           	F93C	0000	98
		_gpio_pin_read_logic		CODE           	FB06	0000	174
		_gpio_pin_direction_intialize		CODE           	FEB8	0000	328

MCAL_Layer/GPIO/hal_gpio.c estimated size: 906

ECU_Layer/LED/ecu_led.c
		_led_initialize		CODE           	FA8A	0000	124
		_led_turn_on   		CODE           	FA14	0000	118
		_led_turn_off  		CODE           	F99E	0000	118

ECU_Layer/LED/ecu_led.c estimated size: 360

application.c
		_main          		CODE           	FC7A	0000	268

application.c estimated size: 268

